V3 40
FL C:/Users/ben/Desktop/PicoBlaze/PicoBlaze/BRAM0t.vhd 2024/01/11.03:08:28 P.20131013
EN work/BRAM0t 1704939169 FL C:/Users/ben/Desktop/PicoBlaze/PicoBlaze/BRAM0t.vhd \
      PB ieee/std_logic_1164 1381692176 PB ieee/std_logic_arith 1381692177 \
      PB ieee/STD_LOGIC_UNSIGNED 1381692179 LB unisim PH unisim/VCOMPONENTS 1381692182
AR work/BRAM0t/low_level_definition 1704939170 \
      FL C:/Users/ben/Desktop/PicoBlaze/PicoBlaze/BRAM0t.vhd EN work/BRAM0t 1704939169 \
      CP RAMB16_S18
FL C:/Users/ben/Desktop/PicoBlaze/PicoBlaze/BRAM0_r.vhd 2024/01/11.04:46:48 P.20131013
EN work/BRAM0r 1704939171 FL C:/Users/ben/Desktop/PicoBlaze/PicoBlaze/BRAM0_r.vhd \
      PB ieee/std_logic_1164 1381692176 PB ieee/std_logic_arith 1381692177 \
      PB ieee/STD_LOGIC_UNSIGNED 1381692179 LB unisim PH unisim/VCOMPONENTS 1381692182
AR work/BRAM0r/low_level_definition 1704939172 \
      FL C:/Users/ben/Desktop/PicoBlaze/PicoBlaze/BRAM0_r.vhd EN work/BRAM0r 1704939171 \
      CP RAMB16_S18
FL C:/Users/ben/Desktop/PicoBlaze/PicoBlaze/kcpsm3.vhd 2024/01/11.02:04:56 P.20131013
EN work/kcpsm3 1704939167 FL C:/Users/ben/Desktop/PicoBlaze/PicoBlaze/kcpsm3.vhd \
      PB ieee/std_logic_1164 1381692176 PB ieee/std_logic_arith 1381692177 \
      PB ieee/STD_LOGIC_UNSIGNED 1381692179 LB unisim PH unisim/VCOMPONENTS 1381692182
AR work/kcpsm3/low_level_definition 1704939168 \
      FL C:/Users/ben/Desktop/PicoBlaze/PicoBlaze/kcpsm3.vhd EN work/kcpsm3 1704939167 \
      CP LUT1 CP FDR CP FDS CP LUT4 CP FD CP FDE CP LUT3 CP FDRE CP LUT2 CP MUXCY CP XORCY \
      CP INV CP string CP label CP FDRSE CP RAM16X1D CP RAM64X1S CP MUXF5 CP RAM32X1S
FL C:/Users/ben/Desktop/PicoBlaze/PicoBlaze/PicoBlaze.vhd 2024/01/11.05:12:38 P.20131013
EN work/PicoBlaze 1704939173 \
      FL C:/Users/ben/Desktop/PicoBlaze/PicoBlaze/PicoBlaze.vhd \
      PB ieee/std_logic_1164 1381692176
AR work/PicoBlaze/PicoBlaze 1704939174 \
      FL C:/Users/ben/Desktop/PicoBlaze/PicoBlaze/PicoBlaze.vhd EN work/PicoBlaze 1704939173 \
      CP kcpsm3 CP BRAM0t CP BRAM0r
FL C:/Users/ben/Desktop/Project/PicoBlaze/BRAM0t.vhd 2024/01/11.03:08:28 P.20131013
FL C:/Users/ben/Desktop/Project/PicoBlaze/BRAM0_r.vhd 2024/01/11.04:46:48 P.20131013
FL C:/Users/ben/Desktop/Project/PicoBlaze/kcpsm3.vhd 2024/01/11.02:04:56 P.20131013
FL C:/Users/ben/Desktop/Project/PicoBlaze/PicoBlaze.vhd 2024/01/11.03:34:54 P.20131013
